result=Trapped(Trap(RuntimeTrap { kind: BytecodeTrap, diagnostic_code: "NX5001", module: Some(RawHandle { realm_id: 1, index: 0, generation: 0 }), epoch: Some(1), function: 0, pc: 0, source_span: None, task: Some(RawHandle { realm_id: 1, index: 0, generation: 0 }) }))
scope_state=Active
terminal_state=Some(Trapped)
terminal_reason=Some(Trapped(Trap { kind: BytecodeTrap, message: "bytecode trap", module: Some(RawHandle { realm_id: 1, index: 0, generation: 0 }), epoch: Some(1), function: 0, pc: 0, source_span: None, task: Some(RawHandle { realm_id: 1, index: 0, generation: 0 }), script_call_stack: ScriptCallStack([ScriptFrame { function: 0, pc: 0, source_span: None }]), host_call_boundary: None }))
epoch=Some(1)
charge=Some(ExecutionCharge { instructions: 1, fuel_used: 1 })
trace=[(0, 855334369944695628), (1, 8550076509591047502), (2, 17379933176099013699), (3, 10498498088478377910), (4, 8679550066159350682), (5, 9398053301032184371)]
